0000 0000	0000 0000 0000 0000 0000 0000 0000 0000	0011	0000 0000 0000 0000 0000 0001 0111 0011	0000 0000 0000 0000 0000 0001 0101 0101
0000 0001	0000 0000 0000 0000 0000 0000 0000 0000	0011	1111 1111 1111 1111 1101 1110 1010 1101	1110 1110 1111 1111 1111 1111 1111 1011
0000 0010	0000 0000 0000 0000 0000 0000 0000 0000	0011	1111 1111 1111 1111 1101 1110 1010 1101	1111 1111 1111 1111 1101 1110 1010 1101
0000 0011	0000 0000 0000 0000 0000 0000 0000 0000	0011	1110 1111 1111 1111 1111 1111 1111 1111	1010 1100 0010 0111 0011 1101 1110 1011
